leftImg8bit/train/aachen/aachen_000000_000019_leftImg8bit.png	gtFine/train/aachen/aachen_000000_000019_gtFine_labelIds.png
leftImg8bit/train/aachen/aachen_000001_000019_leftImg8bit.png	gtFine/train/aachen/aachen_000001_000019_gtFine_labelIds.png
leftImg8bit/train/aachen/aachen_000002_000019_leftImg8bit.png	gtFine/train/aachen/aachen_000002_000019_gtFine_labelIds.png
leftImg8bit/train/aachen/aachen_000003_000019_leftImg8bit.png	gtFine/train/aachen/aachen_000003_000019_gtFine_labelIds.png
leftImg8bit/train/aachen/aachen_000004_000019_leftImg8bit.png	gtFine/train/aachen/aachen_000004_000019_gtFine_labelIds.png
leftImg8bit/train/aachen/aachen_000005_000019_leftImg8bit.png	gtFine/train/aachen/aachen_000005_000019_gtFine_labelIds.png
leftImg8bit/train/aachen/aachen_000006_000019_leftImg8bit.png	gtFine/train/aachen/aachen_000006_000019_gtFine_labelIds.png
leftImg8bit/train/aachen/aachen_000007_000019_leftImg8bit.png	gtFine/train/aachen/aachen_000007_000019_gtFine_labelIds.png
leftImg8bit/train/aachen/aachen_000008_000019_leftImg8bit.png	gtFine/train/aachen/aachen_000008_000019_gtFine_labelIds.png
leftImg8bit/train/aachen/aachen_000009_000019_leftImg8bit.png	gtFine/train/aachen/aachen_000009_000019_gtFine_labelIds.png
leftImg8bit/train/aachen/aachen_000010_000019_leftImg8bit.png	gtFine/train/aachen/aachen_000010_000019_gtFine_labelIds.png
leftImg8bit/train/aachen/aachen_000011_000019_leftImg8bit.png	gtFine/train/aachen/aachen_000011_000019_gtFine_labelIds.png
leftImg8bit/train/aachen/aachen_000012_000019_leftImg8bit.png	gtFine/train/aachen/aachen_000012_000019_gtFine_labelIds.png
leftImg8bit/train/aachen/aachen_000013_000019_leftImg8bit.png	gtFine/train/aachen/aachen_000013_000019_gtFine_labelIds.png
leftImg8bit/train/aachen/aachen_000014_000019_leftImg8bit.png	gtFine/train/aachen/aachen_000014_000019_gtFine_labelIds.png
leftImg8bit/train/aachen/aachen_000015_000019_leftImg8bit.png	gtFine/train/aachen/aachen_000015_000019_gtFine_labelIds.png
leftImg8bit/train/aachen/aachen_000016_000019_leftImg8bit.png	gtFine/train/aachen/aachen_000016_000019_gtFine_labelIds.png
leftImg8bit/train/aachen/aachen_000017_000019_leftImg8bit.png	gtFine/train/aachen/aachen_000017_000019_gtFine_labelIds.png
leftImg8bit/train/aachen/aachen_000018_000019_leftImg8bit.png	gtFine/train/aachen/aachen_000018_000019_gtFine_labelIds.png
leftImg8bit/train/aachen/aachen_000019_000019_leftImg8bit.png	gtFine/train/aachen/aachen_000019_000019_gtFine_labelIds.png
leftImg8bit/train/aachen/aachen_000020_000019_leftImg8bit.png	gtFine/train/aachen/aachen_000020_000019_gtFine_labelIds.png
leftImg8bit/train/aachen/aachen_000021_000019_leftImg8bit.png	gtFine/train/aachen/aachen_000021_000019_gtFine_labelIds.png
leftImg8bit/train/aachen/aachen_000022_000019_leftImg8bit.png	gtFine/train/aachen/aachen_000022_000019_gtFine_labelIds.png
leftImg8bit/train/aachen/aachen_000023_000019_leftImg8bit.png	gtFine/train/aachen/aachen_000023_000019_gtFine_labelIds.png
leftImg8bit/train/aachen/aachen_000024_000019_leftImg8bit.png	gtFine/train/aachen/aachen_000024_000019_gtFine_labelIds.png
leftImg8bit/train/aachen/aachen_000025_000019_leftImg8bit.png	gtFine/train/aachen/aachen_000025_000019_gtFine_labelIds.png
leftImg8bit/train/aachen/aachen_000026_000019_leftImg8bit.png	gtFine/train/aachen/aachen_000026_000019_gtFine_labelIds.png
leftImg8bit/train/aachen/aachen_000027_000019_leftImg8bit.png	gtFine/train/aachen/aachen_000027_000019_gtFine_labelIds.png
leftImg8bit/train/aachen/aachen_000028_000019_leftImg8bit.png	gtFine/train/aachen/aachen_000028_000019_gtFine_labelIds.png
leftImg8bit/train/aachen/aachen_000029_000019_leftImg8bit.png	gtFine/train/aachen/aachen_000029_000019_gtFine_labelIds.png
leftImg8bit/train/bochum/bochum_000000_002293_leftImg8bit.png	gtFine/train/bochum/bochum_000000_002293_gtFine_labelIds.png
leftImg8bit/train/bochum/bochum_000000_002562_leftImg8bit.png	gtFine/train/bochum/bochum_000000_002562_gtFine_labelIds.png
leftImg8bit/train/bochum/bochum_000000_003005_leftImg8bit.png	gtFine/train/bochum/bochum_000000_003005_gtFine_labelIds.png
leftImg8bit/train/bochum/bochum_000000_003245_leftImg8bit.png	gtFine/train/bochum/bochum_000000_003245_gtFine_labelIds.png
leftImg8bit/train/bochum/bochum_000000_003674_leftImg8bit.png	gtFine/train/bochum/bochum_000000_003674_gtFine_labelIds.png
leftImg8bit/train/bochum/bochum_000000_004032_leftImg8bit.png	gtFine/train/bochum/bochum_000000_004032_gtFine_labelIds.png
leftImg8bit/train/bochum/bochum_000000_004229_leftImg8bit.png	gtFine/train/bochum/bochum_000000_004229_gtFine_labelIds.png
leftImg8bit/train/bochum/bochum_000000_004748_leftImg8bit.png	gtFine/train/bochum/bochum_000000_004748_gtFine_labelIds.png
leftImg8bit/train/bochum/bochum_000000_005537_leftImg8bit.png	gtFine/train/bochum/bochum_000000_005537_gtFine_labelIds.png
leftImg8bit/train/bochum/bochum_000000_005936_leftImg8bit.png	gtFine/train/bochum/bochum_000000_005936_gtFine_labelIds.png
leftImg8bit/train/bochum/bochum_000000_006026_leftImg8bit.png	gtFine/train/bochum/bochum_000000_006026_gtFine_labelIds.png
leftImg8bit/train/bochum/bochum_000000_006484_leftImg8bit.png	gtFine/train/bochum/bochum_000000_006484_gtFine_labelIds.png
leftImg8bit/train/bochum/bochum_000000_006746_leftImg8bit.png	gtFine/train/bochum/bochum_000000_006746_gtFine_labelIds.png
leftImg8bit/train/bochum/bochum_000000_007150_leftImg8bit.png	gtFine/train/bochum/bochum_000000_007150_gtFine_labelIds.png
leftImg8bit/train/bochum/bochum_000000_007651_leftImg8bit.png	gtFine/train/bochum/bochum_000000_007651_gtFine_labelIds.png
leftImg8bit/train/bochum/bochum_000000_007950_leftImg8bit.png	gtFine/train/bochum/bochum_000000_007950_gtFine_labelIds.png
leftImg8bit/train/bochum/bochum_000000_008162_leftImg8bit.png	gtFine/train/bochum/bochum_000000_008162_gtFine_labelIds.png
leftImg8bit/train/bochum/bochum_000000_008448_leftImg8bit.png	gtFine/train/bochum/bochum_000000_008448_gtFine_labelIds.png
leftImg8bit/train/bochum/bochum_000000_008804_leftImg8bit.png	gtFine/train/bochum/bochum_000000_008804_gtFine_labelIds.png
leftImg8bit/train/bochum/bochum_000000_009554_leftImg8bit.png	gtFine/train/bochum/bochum_000000_009554_gtFine_labelIds.png
leftImg8bit/train/bochum/bochum_000000_009951_leftImg8bit.png	gtFine/train/bochum/bochum_000000_009951_gtFine_labelIds.png
leftImg8bit/train/bochum/bochum_000000_010562_leftImg8bit.png	gtFine/train/bochum/bochum_000000_010562_gtFine_labelIds.png
leftImg8bit/train/bochum/bochum_000000_010700_leftImg8bit.png	gtFine/train/bochum/bochum_000000_010700_gtFine_labelIds.png
leftImg8bit/train/bochum/bochum_000000_011255_leftImg8bit.png	gtFine/train/bochum/bochum_000000_011255_gtFine_labelIds.png
leftImg8bit/train/bochum/bochum_000000_011711_leftImg8bit.png	gtFine/train/bochum/bochum_000000_011711_gtFine_labelIds.png
leftImg8bit/train/bochum/bochum_000000_013209_leftImg8bit.png	gtFine/train/bochum/bochum_000000_013209_gtFine_labelIds.png
leftImg8bit/train/bochum/bochum_000000_013705_leftImg8bit.png	gtFine/train/bochum/bochum_000000_013705_gtFine_labelIds.png
leftImg8bit/train/bochum/bochum_000000_014332_leftImg8bit.png	gtFine/train/bochum/bochum_000000_014332_gtFine_labelIds.png
leftImg8bit/train/bochum/bochum_000000_014658_leftImg8bit.png	gtFine/train/bochum/bochum_000000_014658_gtFine_labelIds.png
leftImg8bit/train/bochum/bochum_000000_014803_leftImg8bit.png	gtFine/train/bochum/bochum_000000_014803_gtFine_labelIds.png
leftImg8bit/train/bremen/bremen_000000_000019_leftImg8bit.png	gtFine/train/bremen/bremen_000000_000019_gtFine_labelIds.png
leftImg8bit/train/bremen/bremen_000001_000019_leftImg8bit.png	gtFine/train/bremen/bremen_000001_000019_gtFine_labelIds.png
leftImg8bit/train/bremen/bremen_000002_000019_leftImg8bit.png	gtFine/train/bremen/bremen_000002_000019_gtFine_labelIds.png
leftImg8bit/train/bremen/bremen_000003_000019_leftImg8bit.png	gtFine/train/bremen/bremen_000003_000019_gtFine_labelIds.png
leftImg8bit/train/bremen/bremen_000004_000019_leftImg8bit.png	gtFine/train/bremen/bremen_000004_000019_gtFine_labelIds.png
leftImg8bit/train/bremen/bremen_000005_000019_leftImg8bit.png	gtFine/train/bremen/bremen_000005_000019_gtFine_labelIds.png
leftImg8bit/train/bremen/bremen_000006_000019_leftImg8bit.png	gtFine/train/bremen/bremen_000006_000019_gtFine_labelIds.png
leftImg8bit/train/bremen/bremen_000007_000019_leftImg8bit.png	gtFine/train/bremen/bremen_000007_000019_gtFine_labelIds.png
leftImg8bit/train/bremen/bremen_000008_000019_leftImg8bit.png	gtFine/train/bremen/bremen_000008_000019_gtFine_labelIds.png
leftImg8bit/train/bremen/bremen_000009_000019_leftImg8bit.png	gtFine/train/bremen/bremen_000009_000019_gtFine_labelIds.png
leftImg8bit/train/bremen/bremen_000010_000019_leftImg8bit.png	gtFine/train/bremen/bremen_000010_000019_gtFine_labelIds.png
leftImg8bit/train/bremen/bremen_000011_000019_leftImg8bit.png	gtFine/train/bremen/bremen_000011_000019_gtFine_labelIds.png
leftImg8bit/train/bremen/bremen_000012_000019_leftImg8bit.png	gtFine/train/bremen/bremen_000012_000019_gtFine_labelIds.png
leftImg8bit/train/bremen/bremen_000013_000019_leftImg8bit.png	gtFine/train/bremen/bremen_000013_000019_gtFine_labelIds.png
leftImg8bit/train/bremen/bremen_000014_000019_leftImg8bit.png	gtFine/train/bremen/bremen_000014_000019_gtFine_labelIds.png
leftImg8bit/train/bremen/bremen_000015_000019_leftImg8bit.png	gtFine/train/bremen/bremen_000015_000019_gtFine_labelIds.png
leftImg8bit/train/bremen/bremen_000016_000019_leftImg8bit.png	gtFine/train/bremen/bremen_000016_000019_gtFine_labelIds.png
leftImg8bit/train/bremen/bremen_000017_000019_leftImg8bit.png	gtFine/train/bremen/bremen_000017_000019_gtFine_labelIds.png
leftImg8bit/train/bremen/bremen_000018_000019_leftImg8bit.png	gtFine/train/bremen/bremen_000018_000019_gtFine_labelIds.png
leftImg8bit/train/bremen/bremen_000019_000019_leftImg8bit.png	gtFine/train/bremen/bremen_000019_000019_gtFine_labelIds.png
leftImg8bit/train/bremen/bremen_000020_000019_leftImg8bit.png	gtFine/train/bremen/bremen_000020_000019_gtFine_labelIds.png
leftImg8bit/train/bremen/bremen_000021_000019_leftImg8bit.png	gtFine/train/bremen/bremen_000021_000019_gtFine_labelIds.png
leftImg8bit/train/bremen/bremen_000022_000019_leftImg8bit.png	gtFine/train/bremen/bremen_000022_000019_gtFine_labelIds.png
leftImg8bit/train/bremen/bremen_000023_000019_leftImg8bit.png	gtFine/train/bremen/bremen_000023_000019_gtFine_labelIds.png
leftImg8bit/train/bremen/bremen_000024_000019_leftImg8bit.png	gtFine/train/bremen/bremen_000024_000019_gtFine_labelIds.png
leftImg8bit/train/bremen/bremen_000025_000019_leftImg8bit.png	gtFine/train/bremen/bremen_000025_000019_gtFine_labelIds.png
leftImg8bit/train/bremen/bremen_000026_000019_leftImg8bit.png	gtFine/train/bremen/bremen_000026_000019_gtFine_labelIds.png
leftImg8bit/train/bremen/bremen_000027_000019_leftImg8bit.png	gtFine/train/bremen/bremen_000027_000019_gtFine_labelIds.png
leftImg8bit/train/bremen/bremen_000028_000019_leftImg8bit.png	gtFine/train/bremen/bremen_000028_000019_gtFine_labelIds.png
leftImg8bit/train/bremen/bremen_000029_000019_leftImg8bit.png	gtFine/train/bremen/bremen_000029_000019_gtFine_labelIds.png
leftImg8bit/train/cologne/cologne_000004_000019_leftImg8bit.png	gtFine/train/cologne/cologne_000004_000019_gtFine_labelIds.png
leftImg8bit/train/cologne/cologne_000005_000019_leftImg8bit.png	gtFine/train/cologne/cologne_000005_000019_gtFine_labelIds.png
leftImg8bit/train/cologne/cologne_000006_000019_leftImg8bit.png	gtFine/train/cologne/cologne_000006_000019_gtFine_labelIds.png
leftImg8bit/train/cologne/cologne_000007_000019_leftImg8bit.png	gtFine/train/cologne/cologne_000007_000019_gtFine_labelIds.png
leftImg8bit/train/cologne/cologne_000008_000019_leftImg8bit.png	gtFine/train/cologne/cologne_000008_000019_gtFine_labelIds.png
leftImg8bit/train/cologne/cologne_000009_000019_leftImg8bit.png	gtFine/train/cologne/cologne_000009_000019_gtFine_labelIds.png
leftImg8bit/train/cologne/cologne_000010_000019_leftImg8bit.png	gtFine/train/cologne/cologne_000010_000019_gtFine_labelIds.png
leftImg8bit/train/cologne/cologne_000011_000019_leftImg8bit.png	gtFine/train/cologne/cologne_000011_000019_gtFine_labelIds.png
leftImg8bit/train/cologne/cologne_000012_000019_leftImg8bit.png	gtFine/train/cologne/cologne_000012_000019_gtFine_labelIds.png
leftImg8bit/train/cologne/cologne_000013_000019_leftImg8bit.png	gtFine/train/cologne/cologne_000013_000019_gtFine_labelIds.png
leftImg8bit/train/cologne/cologne_000014_000019_leftImg8bit.png	gtFine/train/cologne/cologne_000014_000019_gtFine_labelIds.png
leftImg8bit/train/cologne/cologne_000015_000019_leftImg8bit.png	gtFine/train/cologne/cologne_000015_000019_gtFine_labelIds.png
leftImg8bit/train/cologne/cologne_000016_000019_leftImg8bit.png	gtFine/train/cologne/cologne_000016_000019_gtFine_labelIds.png
leftImg8bit/train/cologne/cologne_000017_000019_leftImg8bit.png	gtFine/train/cologne/cologne_000017_000019_gtFine_labelIds.png
leftImg8bit/train/cologne/cologne_000018_000019_leftImg8bit.png	gtFine/train/cologne/cologne_000018_000019_gtFine_labelIds.png
leftImg8bit/train/cologne/cologne_000019_000019_leftImg8bit.png	gtFine/train/cologne/cologne_000019_000019_gtFine_labelIds.png
leftImg8bit/train/cologne/cologne_000020_000019_leftImg8bit.png	gtFine/train/cologne/cologne_000020_000019_gtFine_labelIds.png
leftImg8bit/train/cologne/cologne_000021_000019_leftImg8bit.png	gtFine/train/cologne/cologne_000021_000019_gtFine_labelIds.png
leftImg8bit/train/cologne/cologne_000022_000019_leftImg8bit.png	gtFine/train/cologne/cologne_000022_000019_gtFine_labelIds.png
leftImg8bit/train/cologne/cologne_000023_000019_leftImg8bit.png	gtFine/train/cologne/cologne_000023_000019_gtFine_labelIds.png
leftImg8bit/train/cologne/cologne_000024_000019_leftImg8bit.png	gtFine/train/cologne/cologne_000024_000019_gtFine_labelIds.png
leftImg8bit/train/cologne/cologne_000025_000019_leftImg8bit.png	gtFine/train/cologne/cologne_000025_000019_gtFine_labelIds.png
leftImg8bit/train/cologne/cologne_000026_000019_leftImg8bit.png	gtFine/train/cologne/cologne_000026_000019_gtFine_labelIds.png
leftImg8bit/train/cologne/cologne_000027_000019_leftImg8bit.png	gtFine/train/cologne/cologne_000027_000019_gtFine_labelIds.png
leftImg8bit/train/cologne/cologne_000028_000019_leftImg8bit.png	gtFine/train/cologne/cologne_000028_000019_gtFine_labelIds.png
leftImg8bit/train/cologne/cologne_000029_000019_leftImg8bit.png	gtFine/train/cologne/cologne_000029_000019_gtFine_labelIds.png
leftImg8bit/train/cologne/cologne_000030_000019_leftImg8bit.png	gtFine/train/cologne/cologne_000030_000019_gtFine_labelIds.png
leftImg8bit/train/cologne/cologne_000031_000019_leftImg8bit.png	gtFine/train/cologne/cologne_000031_000019_gtFine_labelIds.png
leftImg8bit/train/cologne/cologne_000032_000019_leftImg8bit.png	gtFine/train/cologne/cologne_000032_000019_gtFine_labelIds.png
leftImg8bit/train/cologne/cologne_000033_000019_leftImg8bit.png	gtFine/train/cologne/cologne_000033_000019_gtFine_labelIds.png
leftImg8bit/train/darmstadt/darmstadt_000000_000019_leftImg8bit.png	gtFine/train/darmstadt/darmstadt_000000_000019_gtFine_labelIds.png
leftImg8bit/train/darmstadt/darmstadt_000001_000019_leftImg8bit.png	gtFine/train/darmstadt/darmstadt_000001_000019_gtFine_labelIds.png
leftImg8bit/train/darmstadt/darmstadt_000002_000019_leftImg8bit.png	gtFine/train/darmstadt/darmstadt_000002_000019_gtFine_labelIds.png
leftImg8bit/train/darmstadt/darmstadt_000003_000019_leftImg8bit.png	gtFine/train/darmstadt/darmstadt_000003_000019_gtFine_labelIds.png
leftImg8bit/train/darmstadt/darmstadt_000004_000019_leftImg8bit.png	gtFine/train/darmstadt/darmstadt_000004_000019_gtFine_labelIds.png
leftImg8bit/train/darmstadt/darmstadt_000005_000019_leftImg8bit.png	gtFine/train/darmstadt/darmstadt_000005_000019_gtFine_labelIds.png
leftImg8bit/train/darmstadt/darmstadt_000006_000019_leftImg8bit.png	gtFine/train/darmstadt/darmstadt_000006_000019_gtFine_labelIds.png
leftImg8bit/train/darmstadt/darmstadt_000007_000019_leftImg8bit.png	gtFine/train/darmstadt/darmstadt_000007_000019_gtFine_labelIds.png
leftImg8bit/train/darmstadt/darmstadt_000008_000019_leftImg8bit.png	gtFine/train/darmstadt/darmstadt_000008_000019_gtFine_labelIds.png
leftImg8bit/train/darmstadt/darmstadt_000009_000019_leftImg8bit.png	gtFine/train/darmstadt/darmstadt_000009_000019_gtFine_labelIds.png
leftImg8bit/train/darmstadt/darmstadt_000010_000019_leftImg8bit.png	gtFine/train/darmstadt/darmstadt_000010_000019_gtFine_labelIds.png
leftImg8bit/train/darmstadt/darmstadt_000011_000019_leftImg8bit.png	gtFine/train/darmstadt/darmstadt_000011_000019_gtFine_labelIds.png
leftImg8bit/train/darmstadt/darmstadt_000012_000019_leftImg8bit.png	gtFine/train/darmstadt/darmstadt_000012_000019_gtFine_labelIds.png
leftImg8bit/train/darmstadt/darmstadt_000013_000019_leftImg8bit.png	gtFine/train/darmstadt/darmstadt_000013_000019_gtFine_labelIds.png
leftImg8bit/train/darmstadt/darmstadt_000014_000019_leftImg8bit.png	gtFine/train/darmstadt/darmstadt_000014_000019_gtFine_labelIds.png
leftImg8bit/train/darmstadt/darmstadt_000015_000019_leftImg8bit.png	gtFine/train/darmstadt/darmstadt_000015_000019_gtFine_labelIds.png
leftImg8bit/train/darmstadt/darmstadt_000016_000019_leftImg8bit.png	gtFine/train/darmstadt/darmstadt_000016_000019_gtFine_labelIds.png
leftImg8bit/train/darmstadt/darmstadt_000017_000019_leftImg8bit.png	gtFine/train/darmstadt/darmstadt_000017_000019_gtFine_labelIds.png
leftImg8bit/train/darmstadt/darmstadt_000018_000019_leftImg8bit.png	gtFine/train/darmstadt/darmstadt_000018_000019_gtFine_labelIds.png
leftImg8bit/train/darmstadt/darmstadt_000019_000019_leftImg8bit.png	gtFine/train/darmstadt/darmstadt_000019_000019_gtFine_labelIds.png
leftImg8bit/train/darmstadt/darmstadt_000020_000019_leftImg8bit.png	gtFine/train/darmstadt/darmstadt_000020_000019_gtFine_labelIds.png
leftImg8bit/train/darmstadt/darmstadt_000021_000019_leftImg8bit.png	gtFine/train/darmstadt/darmstadt_000021_000019_gtFine_labelIds.png
leftImg8bit/train/darmstadt/darmstadt_000022_000019_leftImg8bit.png	gtFine/train/darmstadt/darmstadt_000022_000019_gtFine_labelIds.png
leftImg8bit/train/darmstadt/darmstadt_000023_000019_leftImg8bit.png	gtFine/train/darmstadt/darmstadt_000023_000019_gtFine_labelIds.png
leftImg8bit/train/darmstadt/darmstadt_000024_000019_leftImg8bit.png	gtFine/train/darmstadt/darmstadt_000024_000019_gtFine_labelIds.png
leftImg8bit/train/darmstadt/darmstadt_000025_000019_leftImg8bit.png	gtFine/train/darmstadt/darmstadt_000025_000019_gtFine_labelIds.png
leftImg8bit/train/darmstadt/darmstadt_000026_000019_leftImg8bit.png	gtFine/train/darmstadt/darmstadt_000026_000019_gtFine_labelIds.png
leftImg8bit/train/darmstadt/darmstadt_000027_000019_leftImg8bit.png	gtFine/train/darmstadt/darmstadt_000027_000019_gtFine_labelIds.png
leftImg8bit/train/darmstadt/darmstadt_000028_000019_leftImg8bit.png	gtFine/train/darmstadt/darmstadt_000028_000019_gtFine_labelIds.png
leftImg8bit/train/darmstadt/darmstadt_000029_000019_leftImg8bit.png	gtFine/train/darmstadt/darmstadt_000029_000019_gtFine_labelIds.png
leftImg8bit/train/dusseldorf/dusseldorf_000005_000019_leftImg8bit.png	gtFine/train/dusseldorf/dusseldorf_000005_000019_gtFine_labelIds.png
leftImg8bit/train/dusseldorf/dusseldorf_000006_000019_leftImg8bit.png	gtFine/train/dusseldorf/dusseldorf_000006_000019_gtFine_labelIds.png
leftImg8bit/train/dusseldorf/dusseldorf_000007_000019_leftImg8bit.png	gtFine/train/dusseldorf/dusseldorf_000007_000019_gtFine_labelIds.png
leftImg8bit/train/dusseldorf/dusseldorf_000008_000019_leftImg8bit.png	gtFine/train/dusseldorf/dusseldorf_000008_000019_gtFine_labelIds.png
leftImg8bit/train/dusseldorf/dusseldorf_000009_000019_leftImg8bit.png	gtFine/train/dusseldorf/dusseldorf_000009_000019_gtFine_labelIds.png
leftImg8bit/train/dusseldorf/dusseldorf_000010_000019_leftImg8bit.png	gtFine/train/dusseldorf/dusseldorf_000010_000019_gtFine_labelIds.png
leftImg8bit/train/dusseldorf/dusseldorf_000011_000019_leftImg8bit.png	gtFine/train/dusseldorf/dusseldorf_000011_000019_gtFine_labelIds.png
leftImg8bit/train/dusseldorf/dusseldorf_000012_000019_leftImg8bit.png	gtFine/train/dusseldorf/dusseldorf_000012_000019_gtFine_labelIds.png
leftImg8bit/train/dusseldorf/dusseldorf_000013_000019_leftImg8bit.png	gtFine/train/dusseldorf/dusseldorf_000013_000019_gtFine_labelIds.png
leftImg8bit/train/dusseldorf/dusseldorf_000014_000019_leftImg8bit.png	gtFine/train/dusseldorf/dusseldorf_000014_000019_gtFine_labelIds.png
leftImg8bit/train/dusseldorf/dusseldorf_000015_000019_leftImg8bit.png	gtFine/train/dusseldorf/dusseldorf_000015_000019_gtFine_labelIds.png
leftImg8bit/train/dusseldorf/dusseldorf_000016_000019_leftImg8bit.png	gtFine/train/dusseldorf/dusseldorf_000016_000019_gtFine_labelIds.png
leftImg8bit/train/dusseldorf/dusseldorf_000017_000019_leftImg8bit.png	gtFine/train/dusseldorf/dusseldorf_000017_000019_gtFine_labelIds.png
leftImg8bit/train/dusseldorf/dusseldorf_000018_000019_leftImg8bit.png	gtFine/train/dusseldorf/dusseldorf_000018_000019_gtFine_labelIds.png
leftImg8bit/train/dusseldorf/dusseldorf_000019_000019_leftImg8bit.png	gtFine/train/dusseldorf/dusseldorf_000019_000019_gtFine_labelIds.png
leftImg8bit/train/dusseldorf/dusseldorf_000020_000019_leftImg8bit.png	gtFine/train/dusseldorf/dusseldorf_000020_000019_gtFine_labelIds.png
leftImg8bit/train/dusseldorf/dusseldorf_000021_000019_leftImg8bit.png	gtFine/train/dusseldorf/dusseldorf_000021_000019_gtFine_labelIds.png
leftImg8bit/train/dusseldorf/dusseldorf_000022_000019_leftImg8bit.png	gtFine/train/dusseldorf/dusseldorf_000022_000019_gtFine_labelIds.png
leftImg8bit/train/dusseldorf/dusseldorf_000023_000019_leftImg8bit.png	gtFine/train/dusseldorf/dusseldorf_000023_000019_gtFine_labelIds.png
leftImg8bit/train/dusseldorf/dusseldorf_000024_000019_leftImg8bit.png	gtFine/train/dusseldorf/dusseldorf_000024_000019_gtFine_labelIds.png
leftImg8bit/train/dusseldorf/dusseldorf_000025_000019_leftImg8bit.png	gtFine/train/dusseldorf/dusseldorf_000025_000019_gtFine_labelIds.png
leftImg8bit/train/dusseldorf/dusseldorf_000026_000019_leftImg8bit.png	gtFine/train/dusseldorf/dusseldorf_000026_000019_gtFine_labelIds.png
leftImg8bit/train/dusseldorf/dusseldorf_000027_000019_leftImg8bit.png	gtFine/train/dusseldorf/dusseldorf_000027_000019_gtFine_labelIds.png
leftImg8bit/train/dusseldorf/dusseldorf_000028_000019_leftImg8bit.png	gtFine/train/dusseldorf/dusseldorf_000028_000019_gtFine_labelIds.png
leftImg8bit/train/dusseldorf/dusseldorf_000029_000019_leftImg8bit.png	gtFine/train/dusseldorf/dusseldorf_000029_000019_gtFine_labelIds.png
leftImg8bit/train/dusseldorf/dusseldorf_000030_000019_leftImg8bit.png	gtFine/train/dusseldorf/dusseldorf_000030_000019_gtFine_labelIds.png
leftImg8bit/train/dusseldorf/dusseldorf_000031_000019_leftImg8bit.png	gtFine/train/dusseldorf/dusseldorf_000031_000019_gtFine_labelIds.png
leftImg8bit/train/dusseldorf/dusseldorf_000032_000019_leftImg8bit.png	gtFine/train/dusseldorf/dusseldorf_000032_000019_gtFine_labelIds.png
leftImg8bit/train/dusseldorf/dusseldorf_000033_000019_leftImg8bit.png	gtFine/train/dusseldorf/dusseldorf_000033_000019_gtFine_labelIds.png
leftImg8bit/train/dusseldorf/dusseldorf_000034_000019_leftImg8bit.png	gtFine/train/dusseldorf/dusseldorf_000034_000019_gtFine_labelIds.png
leftImg8bit/train/erfurt/erfurt_000004_000019_leftImg8bit.png	gtFine/train/erfurt/erfurt_000004_000019_gtFine_labelIds.png
leftImg8bit/train/erfurt/erfurt_000005_000019_leftImg8bit.png	gtFine/train/erfurt/erfurt_000005_000019_gtFine_labelIds.png
leftImg8bit/train/erfurt/erfurt_000006_000019_leftImg8bit.png	gtFine/train/erfurt/erfurt_000006_000019_gtFine_labelIds.png
leftImg8bit/train/erfurt/erfurt_000007_000019_leftImg8bit.png	gtFine/train/erfurt/erfurt_000007_000019_gtFine_labelIds.png
leftImg8bit/train/erfurt/erfurt_000008_000019_leftImg8bit.png	gtFine/train/erfurt/erfurt_000008_000019_gtFine_labelIds.png
leftImg8bit/train/erfurt/erfurt_000009_000019_leftImg8bit.png	gtFine/train/erfurt/erfurt_000009_000019_gtFine_labelIds.png
leftImg8bit/train/erfurt/erfurt_000010_000019_leftImg8bit.png	gtFine/train/erfurt/erfurt_000010_000019_gtFine_labelIds.png
leftImg8bit/train/erfurt/erfurt_000011_000019_leftImg8bit.png	gtFine/train/erfurt/erfurt_000011_000019_gtFine_labelIds.png
leftImg8bit/train/erfurt/erfurt_000012_000019_leftImg8bit.png	gtFine/train/erfurt/erfurt_000012_000019_gtFine_labelIds.png
leftImg8bit/train/erfurt/erfurt_000013_000019_leftImg8bit.png	gtFine/train/erfurt/erfurt_000013_000019_gtFine_labelIds.png
leftImg8bit/train/erfurt/erfurt_000014_000019_leftImg8bit.png	gtFine/train/erfurt/erfurt_000014_000019_gtFine_labelIds.png
leftImg8bit/train/erfurt/erfurt_000015_000019_leftImg8bit.png	gtFine/train/erfurt/erfurt_000015_000019_gtFine_labelIds.png
leftImg8bit/train/erfurt/erfurt_000016_000019_leftImg8bit.png	gtFine/train/erfurt/erfurt_000016_000019_gtFine_labelIds.png
leftImg8bit/train/erfurt/erfurt_000017_000019_leftImg8bit.png	gtFine/train/erfurt/erfurt_000017_000019_gtFine_labelIds.png
leftImg8bit/train/erfurt/erfurt_000018_000019_leftImg8bit.png	gtFine/train/erfurt/erfurt_000018_000019_gtFine_labelIds.png
leftImg8bit/train/erfurt/erfurt_000019_000019_leftImg8bit.png	gtFine/train/erfurt/erfurt_000019_000019_gtFine_labelIds.png
leftImg8bit/train/erfurt/erfurt_000020_000019_leftImg8bit.png	gtFine/train/erfurt/erfurt_000020_000019_gtFine_labelIds.png
leftImg8bit/train/erfurt/erfurt_000021_000019_leftImg8bit.png	gtFine/train/erfurt/erfurt_000021_000019_gtFine_labelIds.png
leftImg8bit/train/erfurt/erfurt_000022_000019_leftImg8bit.png	gtFine/train/erfurt/erfurt_000022_000019_gtFine_labelIds.png
leftImg8bit/train/erfurt/erfurt_000023_000019_leftImg8bit.png	gtFine/train/erfurt/erfurt_000023_000019_gtFine_labelIds.png
leftImg8bit/train/erfurt/erfurt_000024_000019_leftImg8bit.png	gtFine/train/erfurt/erfurt_000024_000019_gtFine_labelIds.png
leftImg8bit/train/erfurt/erfurt_000025_000019_leftImg8bit.png	gtFine/train/erfurt/erfurt_000025_000019_gtFine_labelIds.png
leftImg8bit/train/erfurt/erfurt_000026_000019_leftImg8bit.png	gtFine/train/erfurt/erfurt_000026_000019_gtFine_labelIds.png
leftImg8bit/train/erfurt/erfurt_000027_000019_leftImg8bit.png	gtFine/train/erfurt/erfurt_000027_000019_gtFine_labelIds.png
leftImg8bit/train/erfurt/erfurt_000028_000019_leftImg8bit.png	gtFine/train/erfurt/erfurt_000028_000019_gtFine_labelIds.png
leftImg8bit/train/erfurt/erfurt_000029_000019_leftImg8bit.png	gtFine/train/erfurt/erfurt_000029_000019_gtFine_labelIds.png
leftImg8bit/train/erfurt/erfurt_000030_000019_leftImg8bit.png	gtFine/train/erfurt/erfurt_000030_000019_gtFine_labelIds.png
leftImg8bit/train/erfurt/erfurt_000031_000019_leftImg8bit.png	gtFine/train/erfurt/erfurt_000031_000019_gtFine_labelIds.png
leftImg8bit/train/erfurt/erfurt_000032_000019_leftImg8bit.png	gtFine/train/erfurt/erfurt_000032_000019_gtFine_labelIds.png
leftImg8bit/train/erfurt/erfurt_000033_000019_leftImg8bit.png	gtFine/train/erfurt/erfurt_000033_000019_gtFine_labelIds.png
leftImg8bit/train/hamburg/hamburg_000000_002338_leftImg8bit.png	gtFine/train/hamburg/hamburg_000000_002338_gtFine_labelIds.png
leftImg8bit/train/hamburg/hamburg_000000_003488_leftImg8bit.png	gtFine/train/hamburg/hamburg_000000_003488_gtFine_labelIds.png
leftImg8bit/train/hamburg/hamburg_000000_003904_leftImg8bit.png	gtFine/train/hamburg/hamburg_000000_003904_gtFine_labelIds.png
leftImg8bit/train/hamburg/hamburg_000000_004985_leftImg8bit.png	gtFine/train/hamburg/hamburg_000000_004985_gtFine_labelIds.png
leftImg8bit/train/hamburg/hamburg_000000_005639_leftImg8bit.png	gtFine/train/hamburg/hamburg_000000_005639_gtFine_labelIds.png
leftImg8bit/train/hamburg/hamburg_000000_006192_leftImg8bit.png	gtFine/train/hamburg/hamburg_000000_006192_gtFine_labelIds.png
leftImg8bit/train/hamburg/hamburg_000000_006322_leftImg8bit.png	gtFine/train/hamburg/hamburg_000000_006322_gtFine_labelIds.png
leftImg8bit/train/hamburg/hamburg_000000_007737_leftImg8bit.png	gtFine/train/hamburg/hamburg_000000_007737_gtFine_labelIds.png
leftImg8bit/train/hamburg/hamburg_000000_008221_leftImg8bit.png	gtFine/train/hamburg/hamburg_000000_008221_gtFine_labelIds.png
leftImg8bit/train/hamburg/hamburg_000000_008494_leftImg8bit.png	gtFine/train/hamburg/hamburg_000000_008494_gtFine_labelIds.png
leftImg8bit/train/hamburg/hamburg_000000_011641_leftImg8bit.png	gtFine/train/hamburg/hamburg_000000_011641_gtFine_labelIds.png
leftImg8bit/train/hamburg/hamburg_000000_013577_leftImg8bit.png	gtFine/train/hamburg/hamburg_000000_013577_gtFine_labelIds.png
leftImg8bit/train/hamburg/hamburg_000000_014030_leftImg8bit.png	gtFine/train/hamburg/hamburg_000000_014030_gtFine_labelIds.png
leftImg8bit/train/hamburg/hamburg_000000_014940_leftImg8bit.png	gtFine/train/hamburg/hamburg_000000_014940_gtFine_labelIds.png
leftImg8bit/train/hamburg/hamburg_000000_015350_leftImg8bit.png	gtFine/train/hamburg/hamburg_000000_015350_gtFine_labelIds.png
leftImg8bit/train/hamburg/hamburg_000000_016447_leftImg8bit.png	gtFine/train/hamburg/hamburg_000000_016447_gtFine_labelIds.png
leftImg8bit/train/hamburg/hamburg_000000_016691_leftImg8bit.png	gtFine/train/hamburg/hamburg_000000_016691_gtFine_labelIds.png
leftImg8bit/train/hamburg/hamburg_000000_016928_leftImg8bit.png	gtFine/train/hamburg/hamburg_000000_016928_gtFine_labelIds.png
leftImg8bit/train/hamburg/hamburg_000000_018592_leftImg8bit.png	gtFine/train/hamburg/hamburg_000000_018592_gtFine_labelIds.png
leftImg8bit/train/hamburg/hamburg_000000_018878_leftImg8bit.png	gtFine/train/hamburg/hamburg_000000_018878_gtFine_labelIds.png
leftImg8bit/train/hamburg/hamburg_000000_019373_leftImg8bit.png	gtFine/train/hamburg/hamburg_000000_019373_gtFine_labelIds.png
leftImg8bit/train/hamburg/hamburg_000000_019760_leftImg8bit.png	gtFine/train/hamburg/hamburg_000000_019760_gtFine_labelIds.png
leftImg8bit/train/hamburg/hamburg_000000_019892_leftImg8bit.png	gtFine/train/hamburg/hamburg_000000_019892_gtFine_labelIds.png
leftImg8bit/train/hamburg/hamburg_000000_020211_leftImg8bit.png	gtFine/train/hamburg/hamburg_000000_020211_gtFine_labelIds.png
leftImg8bit/train/hamburg/hamburg_000000_020563_leftImg8bit.png	gtFine/train/hamburg/hamburg_000000_020563_gtFine_labelIds.png
leftImg8bit/train/hamburg/hamburg_000000_021353_leftImg8bit.png	gtFine/train/hamburg/hamburg_000000_021353_gtFine_labelIds.png
leftImg8bit/train/hamburg/hamburg_000000_021961_leftImg8bit.png	gtFine/train/hamburg/hamburg_000000_021961_gtFine_labelIds.png
leftImg8bit/train/hamburg/hamburg_000000_022524_leftImg8bit.png	gtFine/train/hamburg/hamburg_000000_022524_gtFine_labelIds.png
leftImg8bit/train/hamburg/hamburg_000000_023472_leftImg8bit.png	gtFine/train/hamburg/hamburg_000000_023472_gtFine_labelIds.png
leftImg8bit/train/hamburg/hamburg_000000_024251_leftImg8bit.png	gtFine/train/hamburg/hamburg_000000_024251_gtFine_labelIds.png
leftImg8bit/train/hanover/hanover_000000_002458_leftImg8bit.png	gtFine/train/hanover/hanover_000000_002458_gtFine_labelIds.png
leftImg8bit/train/hanover/hanover_000000_003224_leftImg8bit.png	gtFine/train/hanover/hanover_000000_003224_gtFine_labelIds.png
leftImg8bit/train/hanover/hanover_000000_003411_leftImg8bit.png	gtFine/train/hanover/hanover_000000_003411_gtFine_labelIds.png
leftImg8bit/train/hanover/hanover_000000_003853_leftImg8bit.png	gtFine/train/hanover/hanover_000000_003853_gtFine_labelIds.png
leftImg8bit/train/hanover/hanover_000000_004230_leftImg8bit.png	gtFine/train/hanover/hanover_000000_004230_gtFine_labelIds.png
leftImg8bit/train/hanover/hanover_000000_004646_leftImg8bit.png	gtFine/train/hanover/hanover_000000_004646_gtFine_labelIds.png
leftImg8bit/train/hanover/hanover_000000_004752_leftImg8bit.png	gtFine/train/hanover/hanover_000000_004752_gtFine_labelIds.png
leftImg8bit/train/hanover/hanover_000000_005175_leftImg8bit.png	gtFine/train/hanover/hanover_000000_005175_gtFine_labelIds.png
leftImg8bit/train/hanover/hanover_000000_005288_leftImg8bit.png	gtFine/train/hanover/hanover_000000_005288_gtFine_labelIds.png
leftImg8bit/train/hanover/hanover_000000_005599_leftImg8bit.png	gtFine/train/hanover/hanover_000000_005599_gtFine_labelIds.png
leftImg8bit/train/hanover/hanover_000000_005732_leftImg8bit.png	gtFine/train/hanover/hanover_000000_005732_gtFine_labelIds.png
leftImg8bit/train/hanover/hanover_000000_005970_leftImg8bit.png	gtFine/train/hanover/hanover_000000_005970_gtFine_labelIds.png
leftImg8bit/train/hanover/hanover_000000_006355_leftImg8bit.png	gtFine/train/hanover/hanover_000000_006355_gtFine_labelIds.png
leftImg8bit/train/hanover/hanover_000000_006922_leftImg8bit.png	gtFine/train/hanover/hanover_000000_006922_gtFine_labelIds.png
leftImg8bit/train/hanover/hanover_000000_007342_leftImg8bit.png	gtFine/train/hanover/hanover_000000_007342_gtFine_labelIds.png
leftImg8bit/train/hanover/hanover_000000_007780_leftImg8bit.png	gtFine/train/hanover/hanover_000000_007780_gtFine_labelIds.png
leftImg8bit/train/hanover/hanover_000000_007897_leftImg8bit.png	gtFine/train/hanover/hanover_000000_007897_gtFine_labelIds.png
leftImg8bit/train/hanover/hanover_000000_008017_leftImg8bit.png	gtFine/train/hanover/hanover_000000_008017_gtFine_labelIds.png
leftImg8bit/train/hanover/hanover_000000_008200_leftImg8bit.png	gtFine/train/hanover/hanover_000000_008200_gtFine_labelIds.png
leftImg8bit/train/hanover/hanover_000000_009004_leftImg8bit.png	gtFine/train/hanover/hanover_000000_009004_gtFine_labelIds.png
leftImg8bit/train/hanover/hanover_000000_009128_leftImg8bit.png	gtFine/train/hanover/hanover_000000_009128_gtFine_labelIds.png
leftImg8bit/train/hanover/hanover_000000_009420_leftImg8bit.png	gtFine/train/hanover/hanover_000000_009420_gtFine_labelIds.png
leftImg8bit/train/hanover/hanover_000000_010403_leftImg8bit.png	gtFine/train/hanover/hanover_000000_010403_gtFine_labelIds.png
leftImg8bit/train/hanover/hanover_000000_010553_leftImg8bit.png	gtFine/train/hanover/hanover_000000_010553_gtFine_labelIds.png
leftImg8bit/train/hanover/hanover_000000_011170_leftImg8bit.png	gtFine/train/hanover/hanover_000000_011170_gtFine_labelIds.png
leftImg8bit/train/hanover/hanover_000000_011471_leftImg8bit.png	gtFine/train/hanover/hanover_000000_011471_gtFine_labelIds.png
leftImg8bit/train/hanover/hanover_000000_011971_leftImg8bit.png	gtFine/train/hanover/hanover_000000_011971_gtFine_labelIds.png
leftImg8bit/train/hanover/hanover_000000_012347_leftImg8bit.png	gtFine/train/hanover/hanover_000000_012347_gtFine_labelIds.png
leftImg8bit/train/hanover/hanover_000000_012675_leftImg8bit.png	gtFine/train/hanover/hanover_000000_012675_gtFine_labelIds.png
leftImg8bit/train/hanover/hanover_000000_013094_leftImg8bit.png	gtFine/train/hanover/hanover_000000_013094_gtFine_labelIds.png
leftImg8bit/train/jena/jena_000001_000019_leftImg8bit.png	gtFine/train/jena/jena_000001_000019_gtFine_labelIds.png
leftImg8bit/train/jena/jena_000002_000019_leftImg8bit.png	gtFine/train/jena/jena_000002_000019_gtFine_labelIds.png
leftImg8bit/train/jena/jena_000003_000019_leftImg8bit.png	gtFine/train/jena/jena_000003_000019_gtFine_labelIds.png
leftImg8bit/train/jena/jena_000004_000019_leftImg8bit.png	gtFine/train/jena/jena_000004_000019_gtFine_labelIds.png
leftImg8bit/train/jena/jena_000005_000019_leftImg8bit.png	gtFine/train/jena/jena_000005_000019_gtFine_labelIds.png
leftImg8bit/train/jena/jena_000006_000019_leftImg8bit.png	gtFine/train/jena/jena_000006_000019_gtFine_labelIds.png
leftImg8bit/train/jena/jena_000007_000019_leftImg8bit.png	gtFine/train/jena/jena_000007_000019_gtFine_labelIds.png
leftImg8bit/train/jena/jena_000008_000019_leftImg8bit.png	gtFine/train/jena/jena_000008_000019_gtFine_labelIds.png
leftImg8bit/train/jena/jena_000009_000019_leftImg8bit.png	gtFine/train/jena/jena_000009_000019_gtFine_labelIds.png
leftImg8bit/train/jena/jena_000010_000019_leftImg8bit.png	gtFine/train/jena/jena_000010_000019_gtFine_labelIds.png
leftImg8bit/train/jena/jena_000011_000019_leftImg8bit.png	gtFine/train/jena/jena_000011_000019_gtFine_labelIds.png
leftImg8bit/train/jena/jena_000012_000019_leftImg8bit.png	gtFine/train/jena/jena_000012_000019_gtFine_labelIds.png
leftImg8bit/train/jena/jena_000013_000019_leftImg8bit.png	gtFine/train/jena/jena_000013_000019_gtFine_labelIds.png
leftImg8bit/train/jena/jena_000014_000019_leftImg8bit.png	gtFine/train/jena/jena_000014_000019_gtFine_labelIds.png
leftImg8bit/train/jena/jena_000015_000019_leftImg8bit.png	gtFine/train/jena/jena_000015_000019_gtFine_labelIds.png
leftImg8bit/train/jena/jena_000016_000019_leftImg8bit.png	gtFine/train/jena/jena_000016_000019_gtFine_labelIds.png
leftImg8bit/train/jena/jena_000017_000019_leftImg8bit.png	gtFine/train/jena/jena_000017_000019_gtFine_labelIds.png
leftImg8bit/train/jena/jena_000018_000019_leftImg8bit.png	gtFine/train/jena/jena_000018_000019_gtFine_labelIds.png
leftImg8bit/train/jena/jena_000019_000019_leftImg8bit.png	gtFine/train/jena/jena_000019_000019_gtFine_labelIds.png
leftImg8bit/train/jena/jena_000020_000019_leftImg8bit.png	gtFine/train/jena/jena_000020_000019_gtFine_labelIds.png
leftImg8bit/train/jena/jena_000021_000019_leftImg8bit.png	gtFine/train/jena/jena_000021_000019_gtFine_labelIds.png
leftImg8bit/train/jena/jena_000022_000019_leftImg8bit.png	gtFine/train/jena/jena_000022_000019_gtFine_labelIds.png
leftImg8bit/train/jena/jena_000023_000019_leftImg8bit.png	gtFine/train/jena/jena_000023_000019_gtFine_labelIds.png
leftImg8bit/train/jena/jena_000024_000019_leftImg8bit.png	gtFine/train/jena/jena_000024_000019_gtFine_labelIds.png
leftImg8bit/train/jena/jena_000025_000019_leftImg8bit.png	gtFine/train/jena/jena_000025_000019_gtFine_labelIds.png
leftImg8bit/train/jena/jena_000026_000019_leftImg8bit.png	gtFine/train/jena/jena_000026_000019_gtFine_labelIds.png
leftImg8bit/train/jena/jena_000027_000019_leftImg8bit.png	gtFine/train/jena/jena_000027_000019_gtFine_labelIds.png
leftImg8bit/train/jena/jena_000028_000019_leftImg8bit.png	gtFine/train/jena/jena_000028_000019_gtFine_labelIds.png
leftImg8bit/train/jena/jena_000029_000019_leftImg8bit.png	gtFine/train/jena/jena_000029_000019_gtFine_labelIds.png
leftImg8bit/train/jena/jena_000030_000019_leftImg8bit.png	gtFine/train/jena/jena_000030_000019_gtFine_labelIds.png
leftImg8bit/train/krefeld/krefeld_000000_000442_leftImg8bit.png	gtFine/train/krefeld/krefeld_000000_000442_gtFine_labelIds.png
leftImg8bit/train/krefeld/krefeld_000000_000926_leftImg8bit.png	gtFine/train/krefeld/krefeld_000000_000926_gtFine_labelIds.png
leftImg8bit/train/krefeld/krefeld_000000_001566_leftImg8bit.png	gtFine/train/krefeld/krefeld_000000_001566_gtFine_labelIds.png
leftImg8bit/train/krefeld/krefeld_000000_001908_leftImg8bit.png	gtFine/train/krefeld/krefeld_000000_001908_gtFine_labelIds.png
leftImg8bit/train/krefeld/krefeld_000000_002083_leftImg8bit.png	gtFine/train/krefeld/krefeld_000000_002083_gtFine_labelIds.png
leftImg8bit/train/krefeld/krefeld_000000_003096_leftImg8bit.png	gtFine/train/krefeld/krefeld_000000_003096_gtFine_labelIds.png
leftImg8bit/train/krefeld/krefeld_000000_003707_leftImg8bit.png	gtFine/train/krefeld/krefeld_000000_003707_gtFine_labelIds.png
leftImg8bit/train/krefeld/krefeld_000000_003937_leftImg8bit.png	gtFine/train/krefeld/krefeld_000000_003937_gtFine_labelIds.png
leftImg8bit/train/krefeld/krefeld_000000_004447_leftImg8bit.png	gtFine/train/krefeld/krefeld_000000_004447_gtFine_labelIds.png
leftImg8bit/train/krefeld/krefeld_000000_004608_leftImg8bit.png	gtFine/train/krefeld/krefeld_000000_004608_gtFine_labelIds.png
leftImg8bit/train/krefeld/krefeld_000000_005252_leftImg8bit.png	gtFine/train/krefeld/krefeld_000000_005252_gtFine_labelIds.png
leftImg8bit/train/krefeld/krefeld_000000_005503_leftImg8bit.png	gtFine/train/krefeld/krefeld_000000_005503_gtFine_labelIds.png
leftImg8bit/train/krefeld/krefeld_000000_006274_leftImg8bit.png	gtFine/train/krefeld/krefeld_000000_006274_gtFine_labelIds.png
leftImg8bit/train/krefeld/krefeld_000000_006686_leftImg8bit.png	gtFine/train/krefeld/krefeld_000000_006686_gtFine_labelIds.png
leftImg8bit/train/krefeld/krefeld_000000_007325_leftImg8bit.png	gtFine/train/krefeld/krefeld_000000_007325_gtFine_labelIds.png
leftImg8bit/train/krefeld/krefeld_000000_008239_leftImg8bit.png	gtFine/train/krefeld/krefeld_000000_008239_gtFine_labelIds.png
leftImg8bit/train/krefeld/krefeld_000000_008305_leftImg8bit.png	gtFine/train/krefeld/krefeld_000000_008305_gtFine_labelIds.png
leftImg8bit/train/krefeld/krefeld_000000_008584_leftImg8bit.png	gtFine/train/krefeld/krefeld_000000_008584_gtFine_labelIds.png
leftImg8bit/train/krefeld/krefeld_000000_009404_leftImg8bit.png	gtFine/train/krefeld/krefeld_000000_009404_gtFine_labelIds.png
leftImg8bit/train/krefeld/krefeld_000000_009574_leftImg8bit.png	gtFine/train/krefeld/krefeld_000000_009574_gtFine_labelIds.png
leftImg8bit/train/krefeld/krefeld_000000_009926_leftImg8bit.png	gtFine/train/krefeld/krefeld_000000_009926_gtFine_labelIds.png
leftImg8bit/train/krefeld/krefeld_000000_010160_leftImg8bit.png	gtFine/train/krefeld/krefeld_000000_010160_gtFine_labelIds.png
leftImg8bit/train/krefeld/krefeld_000000_010329_leftImg8bit.png	gtFine/train/krefeld/krefeld_000000_010329_gtFine_labelIds.png
leftImg8bit/train/krefeld/krefeld_000000_010653_leftImg8bit.png	gtFine/train/krefeld/krefeld_000000_010653_gtFine_labelIds.png
leftImg8bit/train/krefeld/krefeld_000000_011483_leftImg8bit.png	gtFine/train/krefeld/krefeld_000000_011483_gtFine_labelIds.png
leftImg8bit/train/krefeld/krefeld_000000_011655_leftImg8bit.png	gtFine/train/krefeld/krefeld_000000_011655_gtFine_labelIds.png
leftImg8bit/train/krefeld/krefeld_000000_012353_leftImg8bit.png	gtFine/train/krefeld/krefeld_000000_012353_gtFine_labelIds.png
leftImg8bit/train/krefeld/krefeld_000000_012505_leftImg8bit.png	gtFine/train/krefeld/krefeld_000000_012505_gtFine_labelIds.png
leftImg8bit/train/krefeld/krefeld_000000_013139_leftImg8bit.png	gtFine/train/krefeld/krefeld_000000_013139_gtFine_labelIds.png
leftImg8bit/train/krefeld/krefeld_000000_013257_leftImg8bit.png	gtFine/train/krefeld/krefeld_000000_013257_gtFine_labelIds.png
leftImg8bit/train/monchengladbach/monchengladbach_000000_001294_leftImg8bit.png	gtFine/train/monchengladbach/monchengladbach_000000_001294_gtFine_labelIds.png
leftImg8bit/train/monchengladbach/monchengladbach_000000_002255_leftImg8bit.png	gtFine/train/monchengladbach/monchengladbach_000000_002255_gtFine_labelIds.png
leftImg8bit/train/monchengladbach/monchengladbach_000000_002478_leftImg8bit.png	gtFine/train/monchengladbach/monchengladbach_000000_002478_gtFine_labelIds.png
leftImg8bit/train/monchengladbach/monchengladbach_000000_002972_leftImg8bit.png	gtFine/train/monchengladbach/monchengladbach_000000_002972_gtFine_labelIds.png
leftImg8bit/train/monchengladbach/monchengladbach_000000_003442_leftImg8bit.png	gtFine/train/monchengladbach/monchengladbach_000000_003442_gtFine_labelIds.png
leftImg8bit/train/monchengladbach/monchengladbach_000000_004580_leftImg8bit.png	gtFine/train/monchengladbach/monchengladbach_000000_004580_gtFine_labelIds.png
leftImg8bit/train/monchengladbach/monchengladbach_000000_005138_leftImg8bit.png	gtFine/train/monchengladbach/monchengladbach_000000_005138_gtFine_labelIds.png
leftImg8bit/train/monchengladbach/monchengladbach_000000_005686_leftImg8bit.png	gtFine/train/monchengladbach/monchengladbach_000000_005686_gtFine_labelIds.png
leftImg8bit/train/monchengladbach/monchengladbach_000000_005876_leftImg8bit.png	gtFine/train/monchengladbach/monchengladbach_000000_005876_gtFine_labelIds.png
leftImg8bit/train/monchengladbach/monchengladbach_000000_006169_leftImg8bit.png	gtFine/train/monchengladbach/monchengladbach_000000_006169_gtFine_labelIds.png
leftImg8bit/train/monchengladbach/monchengladbach_000000_006518_leftImg8bit.png	gtFine/train/monchengladbach/monchengladbach_000000_006518_gtFine_labelIds.png
leftImg8bit/train/monchengladbach/monchengladbach_000000_007098_leftImg8bit.png	gtFine/train/monchengladbach/monchengladbach_000000_007098_gtFine_labelIds.png
leftImg8bit/train/monchengladbach/monchengladbach_000000_007695_leftImg8bit.png	gtFine/train/monchengladbach/monchengladbach_000000_007695_gtFine_labelIds.png
leftImg8bit/train/monchengladbach/monchengladbach_000000_007851_leftImg8bit.png	gtFine/train/monchengladbach/monchengladbach_000000_007851_gtFine_labelIds.png
leftImg8bit/train/monchengladbach/monchengladbach_000000_009191_leftImg8bit.png	gtFine/train/monchengladbach/monchengladbach_000000_009191_gtFine_labelIds.png
leftImg8bit/train/monchengladbach/monchengladbach_000000_009615_leftImg8bit.png	gtFine/train/monchengladbach/monchengladbach_000000_009615_gtFine_labelIds.png
leftImg8bit/train/monchengladbach/monchengladbach_000000_009690_leftImg8bit.png	gtFine/train/monchengladbach/monchengladbach_000000_009690_gtFine_labelIds.png
leftImg8bit/train/monchengladbach/monchengladbach_000000_009930_leftImg8bit.png	gtFine/train/monchengladbach/monchengladbach_000000_009930_gtFine_labelIds.png
leftImg8bit/train/monchengladbach/monchengladbach_000000_010280_leftImg8bit.png	gtFine/train/monchengladbach/monchengladbach_000000_010280_gtFine_labelIds.png
leftImg8bit/train/monchengladbach/monchengladbach_000000_010505_leftImg8bit.png	gtFine/train/monchengladbach/monchengladbach_000000_010505_gtFine_labelIds.png
leftImg8bit/train/monchengladbach/monchengladbach_000000_010733_leftImg8bit.png	gtFine/train/monchengladbach/monchengladbach_000000_010733_gtFine_labelIds.png
leftImg8bit/train/monchengladbach/monchengladbach_000000_010860_leftImg8bit.png	gtFine/train/monchengladbach/monchengladbach_000000_010860_gtFine_labelIds.png
leftImg8bit/train/monchengladbach/monchengladbach_000000_011383_leftImg8bit.png	gtFine/train/monchengladbach/monchengladbach_000000_011383_gtFine_labelIds.png
leftImg8bit/train/monchengladbach/monchengladbach_000000_012376_leftImg8bit.png	gtFine/train/monchengladbach/monchengladbach_000000_012376_gtFine_labelIds.png
leftImg8bit/train/monchengladbach/monchengladbach_000000_012672_leftImg8bit.png	gtFine/train/monchengladbach/monchengladbach_000000_012672_gtFine_labelIds.png
leftImg8bit/train/monchengladbach/monchengladbach_000000_013228_leftImg8bit.png	gtFine/train/monchengladbach/monchengladbach_000000_013228_gtFine_labelIds.png
leftImg8bit/train/monchengladbach/monchengladbach_000000_013352_leftImg8bit.png	gtFine/train/monchengladbach/monchengladbach_000000_013352_gtFine_labelIds.png
leftImg8bit/train/monchengladbach/monchengladbach_000000_014685_leftImg8bit.png	gtFine/train/monchengladbach/monchengladbach_000000_014685_gtFine_labelIds.png
leftImg8bit/train/monchengladbach/monchengladbach_000000_015126_leftImg8bit.png	gtFine/train/monchengladbach/monchengladbach_000000_015126_gtFine_labelIds.png
leftImg8bit/train/monchengladbach/monchengladbach_000000_015561_leftImg8bit.png	gtFine/train/monchengladbach/monchengladbach_000000_015561_gtFine_labelIds.png
leftImg8bit/train/strasbourg/strasbourg_000000_004248_leftImg8bit.png	gtFine/train/strasbourg/strasbourg_000000_004248_gtFine_labelIds.png
leftImg8bit/train/strasbourg/strasbourg_000000_004383_leftImg8bit.png	gtFine/train/strasbourg/strasbourg_000000_004383_gtFine_labelIds.png
leftImg8bit/train/strasbourg/strasbourg_000000_004660_leftImg8bit.png	gtFine/train/strasbourg/strasbourg_000000_004660_gtFine_labelIds.png
leftImg8bit/train/strasbourg/strasbourg_000000_004951_leftImg8bit.png	gtFine/train/strasbourg/strasbourg_000000_004951_gtFine_labelIds.png
leftImg8bit/train/strasbourg/strasbourg_000000_005249_leftImg8bit.png	gtFine/train/strasbourg/strasbourg_000000_005249_gtFine_labelIds.png
leftImg8bit/train/strasbourg/strasbourg_000000_005912_leftImg8bit.png	gtFine/train/strasbourg/strasbourg_000000_005912_gtFine_labelIds.png
leftImg8bit/train/strasbourg/strasbourg_000000_005995_leftImg8bit.png	gtFine/train/strasbourg/strasbourg_000000_005995_gtFine_labelIds.png
leftImg8bit/train/strasbourg/strasbourg_000000_006106_leftImg8bit.png	gtFine/train/strasbourg/strasbourg_000000_006106_gtFine_labelIds.png
leftImg8bit/train/strasbourg/strasbourg_000000_006264_leftImg8bit.png	gtFine/train/strasbourg/strasbourg_000000_006264_gtFine_labelIds.png
leftImg8bit/train/strasbourg/strasbourg_000000_006483_leftImg8bit.png	gtFine/train/strasbourg/strasbourg_000000_006483_gtFine_labelIds.png
leftImg8bit/train/strasbourg/strasbourg_000000_006621_leftImg8bit.png	gtFine/train/strasbourg/strasbourg_000000_006621_gtFine_labelIds.png
leftImg8bit/train/strasbourg/strasbourg_000000_006995_leftImg8bit.png	gtFine/train/strasbourg/strasbourg_000000_006995_gtFine_labelIds.png
leftImg8bit/train/strasbourg/strasbourg_000000_007441_leftImg8bit.png	gtFine/train/strasbourg/strasbourg_000000_007441_gtFine_labelIds.png
leftImg8bit/train/strasbourg/strasbourg_000000_007727_leftImg8bit.png	gtFine/train/strasbourg/strasbourg_000000_007727_gtFine_labelIds.png
leftImg8bit/train/strasbourg/strasbourg_000000_007813_leftImg8bit.png	gtFine/train/strasbourg/strasbourg_000000_007813_gtFine_labelIds.png
leftImg8bit/train/strasbourg/strasbourg_000000_008603_leftImg8bit.png	gtFine/train/strasbourg/strasbourg_000000_008603_gtFine_labelIds.png
leftImg8bit/train/strasbourg/strasbourg_000000_008677_leftImg8bit.png	gtFine/train/strasbourg/strasbourg_000000_008677_gtFine_labelIds.png
leftImg8bit/train/strasbourg/strasbourg_000000_008784_leftImg8bit.png	gtFine/train/strasbourg/strasbourg_000000_008784_gtFine_labelIds.png
leftImg8bit/train/strasbourg/strasbourg_000000_009110_leftImg8bit.png	gtFine/train/strasbourg/strasbourg_000000_009110_gtFine_labelIds.png
leftImg8bit/train/strasbourg/strasbourg_000000_009619_leftImg8bit.png	gtFine/train/strasbourg/strasbourg_000000_009619_gtFine_labelIds.png
leftImg8bit/train/strasbourg/strasbourg_000000_010049_leftImg8bit.png	gtFine/train/strasbourg/strasbourg_000000_010049_gtFine_labelIds.png
leftImg8bit/train/strasbourg/strasbourg_000000_010372_leftImg8bit.png	gtFine/train/strasbourg/strasbourg_000000_010372_gtFine_labelIds.png
leftImg8bit/train/strasbourg/strasbourg_000000_010816_leftImg8bit.png	gtFine/train/strasbourg/strasbourg_000000_010816_gtFine_labelIds.png
leftImg8bit/train/strasbourg/strasbourg_000000_011225_leftImg8bit.png	gtFine/train/strasbourg/strasbourg_000000_011225_gtFine_labelIds.png
leftImg8bit/train/strasbourg/strasbourg_000000_011880_leftImg8bit.png	gtFine/train/strasbourg/strasbourg_000000_011880_gtFine_labelIds.png
leftImg8bit/train/strasbourg/strasbourg_000000_012070_leftImg8bit.png	gtFine/train/strasbourg/strasbourg_000000_012070_gtFine_labelIds.png
leftImg8bit/train/strasbourg/strasbourg_000000_012934_leftImg8bit.png	gtFine/train/strasbourg/strasbourg_000000_012934_gtFine_labelIds.png
leftImg8bit/train/strasbourg/strasbourg_000000_013223_leftImg8bit.png	gtFine/train/strasbourg/strasbourg_000000_013223_gtFine_labelIds.png
leftImg8bit/train/strasbourg/strasbourg_000000_013322_leftImg8bit.png	gtFine/train/strasbourg/strasbourg_000000_013322_gtFine_labelIds.png
leftImg8bit/train/strasbourg/strasbourg_000000_013574_leftImg8bit.png	gtFine/train/strasbourg/strasbourg_000000_013574_gtFine_labelIds.png
leftImg8bit/train/stuttgart/stuttgart_000004_000019_leftImg8bit.png	gtFine/train/stuttgart/stuttgart_000004_000019_gtFine_labelIds.png
leftImg8bit/train/stuttgart/stuttgart_000005_000019_leftImg8bit.png	gtFine/train/stuttgart/stuttgart_000005_000019_gtFine_labelIds.png
leftImg8bit/train/stuttgart/stuttgart_000006_000019_leftImg8bit.png	gtFine/train/stuttgart/stuttgart_000006_000019_gtFine_labelIds.png
leftImg8bit/train/stuttgart/stuttgart_000007_000019_leftImg8bit.png	gtFine/train/stuttgart/stuttgart_000007_000019_gtFine_labelIds.png
leftImg8bit/train/stuttgart/stuttgart_000008_000019_leftImg8bit.png	gtFine/train/stuttgart/stuttgart_000008_000019_gtFine_labelIds.png
leftImg8bit/train/stuttgart/stuttgart_000009_000019_leftImg8bit.png	gtFine/train/stuttgart/stuttgart_000009_000019_gtFine_labelIds.png
leftImg8bit/train/stuttgart/stuttgart_000010_000019_leftImg8bit.png	gtFine/train/stuttgart/stuttgart_000010_000019_gtFine_labelIds.png
leftImg8bit/train/stuttgart/stuttgart_000011_000019_leftImg8bit.png	gtFine/train/stuttgart/stuttgart_000011_000019_gtFine_labelIds.png
leftImg8bit/train/stuttgart/stuttgart_000012_000019_leftImg8bit.png	gtFine/train/stuttgart/stuttgart_000012_000019_gtFine_labelIds.png
leftImg8bit/train/stuttgart/stuttgart_000013_000019_leftImg8bit.png	gtFine/train/stuttgart/stuttgart_000013_000019_gtFine_labelIds.png
leftImg8bit/train/stuttgart/stuttgart_000014_000019_leftImg8bit.png	gtFine/train/stuttgart/stuttgart_000014_000019_gtFine_labelIds.png
leftImg8bit/train/stuttgart/stuttgart_000015_000019_leftImg8bit.png	gtFine/train/stuttgart/stuttgart_000015_000019_gtFine_labelIds.png
leftImg8bit/train/stuttgart/stuttgart_000016_000019_leftImg8bit.png	gtFine/train/stuttgart/stuttgart_000016_000019_gtFine_labelIds.png
leftImg8bit/train/stuttgart/stuttgart_000017_000019_leftImg8bit.png	gtFine/train/stuttgart/stuttgart_000017_000019_gtFine_labelIds.png
leftImg8bit/train/stuttgart/stuttgart_000018_000019_leftImg8bit.png	gtFine/train/stuttgart/stuttgart_000018_000019_gtFine_labelIds.png
leftImg8bit/train/stuttgart/stuttgart_000019_000019_leftImg8bit.png	gtFine/train/stuttgart/stuttgart_000019_000019_gtFine_labelIds.png
leftImg8bit/train/stuttgart/stuttgart_000020_000019_leftImg8bit.png	gtFine/train/stuttgart/stuttgart_000020_000019_gtFine_labelIds.png
leftImg8bit/train/stuttgart/stuttgart_000021_000019_leftImg8bit.png	gtFine/train/stuttgart/stuttgart_000021_000019_gtFine_labelIds.png
leftImg8bit/train/stuttgart/stuttgart_000022_000019_leftImg8bit.png	gtFine/train/stuttgart/stuttgart_000022_000019_gtFine_labelIds.png
leftImg8bit/train/stuttgart/stuttgart_000023_000019_leftImg8bit.png	gtFine/train/stuttgart/stuttgart_000023_000019_gtFine_labelIds.png
leftImg8bit/train/stuttgart/stuttgart_000024_000019_leftImg8bit.png	gtFine/train/stuttgart/stuttgart_000024_000019_gtFine_labelIds.png
leftImg8bit/train/stuttgart/stuttgart_000025_000019_leftImg8bit.png	gtFine/train/stuttgart/stuttgart_000025_000019_gtFine_labelIds.png
leftImg8bit/train/stuttgart/stuttgart_000026_000019_leftImg8bit.png	gtFine/train/stuttgart/stuttgart_000026_000019_gtFine_labelIds.png
leftImg8bit/train/stuttgart/stuttgart_000027_000019_leftImg8bit.png	gtFine/train/stuttgart/stuttgart_000027_000019_gtFine_labelIds.png
leftImg8bit/train/stuttgart/stuttgart_000028_000019_leftImg8bit.png	gtFine/train/stuttgart/stuttgart_000028_000019_gtFine_labelIds.png
leftImg8bit/train/stuttgart/stuttgart_000029_000019_leftImg8bit.png	gtFine/train/stuttgart/stuttgart_000029_000019_gtFine_labelIds.png
leftImg8bit/train/stuttgart/stuttgart_000030_000019_leftImg8bit.png	gtFine/train/stuttgart/stuttgart_000030_000019_gtFine_labelIds.png
leftImg8bit/train/stuttgart/stuttgart_000031_000019_leftImg8bit.png	gtFine/train/stuttgart/stuttgart_000031_000019_gtFine_labelIds.png
leftImg8bit/train/stuttgart/stuttgart_000032_000019_leftImg8bit.png	gtFine/train/stuttgart/stuttgart_000032_000019_gtFine_labelIds.png
leftImg8bit/train/stuttgart/stuttgart_000033_000019_leftImg8bit.png	gtFine/train/stuttgart/stuttgart_000033_000019_gtFine_labelIds.png
leftImg8bit/train/tubingen/tubingen_000008_000019_leftImg8bit.png	gtFine/train/tubingen/tubingen_000008_000019_gtFine_labelIds.png
leftImg8bit/train/tubingen/tubingen_000009_000019_leftImg8bit.png	gtFine/train/tubingen/tubingen_000009_000019_gtFine_labelIds.png
leftImg8bit/train/tubingen/tubingen_000010_000019_leftImg8bit.png	gtFine/train/tubingen/tubingen_000010_000019_gtFine_labelIds.png
leftImg8bit/train/tubingen/tubingen_000011_000019_leftImg8bit.png	gtFine/train/tubingen/tubingen_000011_000019_gtFine_labelIds.png
leftImg8bit/train/tubingen/tubingen_000012_000019_leftImg8bit.png	gtFine/train/tubingen/tubingen_000012_000019_gtFine_labelIds.png
leftImg8bit/train/tubingen/tubingen_000013_000019_leftImg8bit.png	gtFine/train/tubingen/tubingen_000013_000019_gtFine_labelIds.png
leftImg8bit/train/tubingen/tubingen_000014_000019_leftImg8bit.png	gtFine/train/tubingen/tubingen_000014_000019_gtFine_labelIds.png
leftImg8bit/train/tubingen/tubingen_000015_000019_leftImg8bit.png	gtFine/train/tubingen/tubingen_000015_000019_gtFine_labelIds.png
leftImg8bit/train/tubingen/tubingen_000016_000019_leftImg8bit.png	gtFine/train/tubingen/tubingen_000016_000019_gtFine_labelIds.png
leftImg8bit/train/tubingen/tubingen_000017_000019_leftImg8bit.png	gtFine/train/tubingen/tubingen_000017_000019_gtFine_labelIds.png
leftImg8bit/train/tubingen/tubingen_000018_000019_leftImg8bit.png	gtFine/train/tubingen/tubingen_000018_000019_gtFine_labelIds.png
leftImg8bit/train/tubingen/tubingen_000019_000019_leftImg8bit.png	gtFine/train/tubingen/tubingen_000019_000019_gtFine_labelIds.png
leftImg8bit/train/tubingen/tubingen_000020_000019_leftImg8bit.png	gtFine/train/tubingen/tubingen_000020_000019_gtFine_labelIds.png
leftImg8bit/train/tubingen/tubingen_000021_000019_leftImg8bit.png	gtFine/train/tubingen/tubingen_000021_000019_gtFine_labelIds.png
leftImg8bit/train/tubingen/tubingen_000022_000019_leftImg8bit.png	gtFine/train/tubingen/tubingen_000022_000019_gtFine_labelIds.png
leftImg8bit/train/tubingen/tubingen_000023_000019_leftImg8bit.png	gtFine/train/tubingen/tubingen_000023_000019_gtFine_labelIds.png
leftImg8bit/train/tubingen/tubingen_000024_000019_leftImg8bit.png	gtFine/train/tubingen/tubingen_000024_000019_gtFine_labelIds.png
leftImg8bit/train/tubingen/tubingen_000025_000019_leftImg8bit.png	gtFine/train/tubingen/tubingen_000025_000019_gtFine_labelIds.png
leftImg8bit/train/tubingen/tubingen_000026_000019_leftImg8bit.png	gtFine/train/tubingen/tubingen_000026_000019_gtFine_labelIds.png
leftImg8bit/train/tubingen/tubingen_000027_000019_leftImg8bit.png	gtFine/train/tubingen/tubingen_000027_000019_gtFine_labelIds.png
leftImg8bit/train/tubingen/tubingen_000028_000019_leftImg8bit.png	gtFine/train/tubingen/tubingen_000028_000019_gtFine_labelIds.png
leftImg8bit/train/tubingen/tubingen_000029_000019_leftImg8bit.png	gtFine/train/tubingen/tubingen_000029_000019_gtFine_labelIds.png
leftImg8bit/train/tubingen/tubingen_000030_000019_leftImg8bit.png	gtFine/train/tubingen/tubingen_000030_000019_gtFine_labelIds.png
leftImg8bit/train/tubingen/tubingen_000031_000019_leftImg8bit.png	gtFine/train/tubingen/tubingen_000031_000019_gtFine_labelIds.png
leftImg8bit/train/tubingen/tubingen_000032_000019_leftImg8bit.png	gtFine/train/tubingen/tubingen_000032_000019_gtFine_labelIds.png
leftImg8bit/train/tubingen/tubingen_000033_000019_leftImg8bit.png	gtFine/train/tubingen/tubingen_000033_000019_gtFine_labelIds.png
leftImg8bit/train/tubingen/tubingen_000034_000019_leftImg8bit.png	gtFine/train/tubingen/tubingen_000034_000019_gtFine_labelIds.png
leftImg8bit/train/tubingen/tubingen_000035_000019_leftImg8bit.png	gtFine/train/tubingen/tubingen_000035_000019_gtFine_labelIds.png
leftImg8bit/train/tubingen/tubingen_000036_000019_leftImg8bit.png	gtFine/train/tubingen/tubingen_000036_000019_gtFine_labelIds.png
leftImg8bit/train/tubingen/tubingen_000037_000019_leftImg8bit.png	gtFine/train/tubingen/tubingen_000037_000019_gtFine_labelIds.png
leftImg8bit/train/ulm/ulm_000004_000019_leftImg8bit.png	gtFine/train/ulm/ulm_000004_000019_gtFine_labelIds.png
leftImg8bit/train/ulm/ulm_000005_000019_leftImg8bit.png	gtFine/train/ulm/ulm_000005_000019_gtFine_labelIds.png
leftImg8bit/train/ulm/ulm_000006_000019_leftImg8bit.png	gtFine/train/ulm/ulm_000006_000019_gtFine_labelIds.png
leftImg8bit/train/ulm/ulm_000007_000019_leftImg8bit.png	gtFine/train/ulm/ulm_000007_000019_gtFine_labelIds.png
leftImg8bit/train/ulm/ulm_000008_000019_leftImg8bit.png	gtFine/train/ulm/ulm_000008_000019_gtFine_labelIds.png
leftImg8bit/train/ulm/ulm_000009_000019_leftImg8bit.png	gtFine/train/ulm/ulm_000009_000019_gtFine_labelIds.png
leftImg8bit/train/ulm/ulm_000010_000019_leftImg8bit.png	gtFine/train/ulm/ulm_000010_000019_gtFine_labelIds.png
leftImg8bit/train/ulm/ulm_000011_000019_leftImg8bit.png	gtFine/train/ulm/ulm_000011_000019_gtFine_labelIds.png
leftImg8bit/train/ulm/ulm_000012_000019_leftImg8bit.png	gtFine/train/ulm/ulm_000012_000019_gtFine_labelIds.png
leftImg8bit/train/ulm/ulm_000013_000019_leftImg8bit.png	gtFine/train/ulm/ulm_000013_000019_gtFine_labelIds.png
leftImg8bit/train/ulm/ulm_000014_000019_leftImg8bit.png	gtFine/train/ulm/ulm_000014_000019_gtFine_labelIds.png
leftImg8bit/train/ulm/ulm_000015_000019_leftImg8bit.png	gtFine/train/ulm/ulm_000015_000019_gtFine_labelIds.png
leftImg8bit/train/ulm/ulm_000016_000019_leftImg8bit.png	gtFine/train/ulm/ulm_000016_000019_gtFine_labelIds.png
leftImg8bit/train/ulm/ulm_000017_000019_leftImg8bit.png	gtFine/train/ulm/ulm_000017_000019_gtFine_labelIds.png
leftImg8bit/train/ulm/ulm_000018_000019_leftImg8bit.png	gtFine/train/ulm/ulm_000018_000019_gtFine_labelIds.png
leftImg8bit/train/ulm/ulm_000019_000019_leftImg8bit.png	gtFine/train/ulm/ulm_000019_000019_gtFine_labelIds.png
leftImg8bit/train/ulm/ulm_000020_000019_leftImg8bit.png	gtFine/train/ulm/ulm_000020_000019_gtFine_labelIds.png
leftImg8bit/train/ulm/ulm_000021_000019_leftImg8bit.png	gtFine/train/ulm/ulm_000021_000019_gtFine_labelIds.png
leftImg8bit/train/ulm/ulm_000022_000019_leftImg8bit.png	gtFine/train/ulm/ulm_000022_000019_gtFine_labelIds.png
leftImg8bit/train/ulm/ulm_000023_000019_leftImg8bit.png	gtFine/train/ulm/ulm_000023_000019_gtFine_labelIds.png
leftImg8bit/train/ulm/ulm_000024_000019_leftImg8bit.png	gtFine/train/ulm/ulm_000024_000019_gtFine_labelIds.png
leftImg8bit/train/ulm/ulm_000025_000019_leftImg8bit.png	gtFine/train/ulm/ulm_000025_000019_gtFine_labelIds.png
leftImg8bit/train/ulm/ulm_000026_000019_leftImg8bit.png	gtFine/train/ulm/ulm_000026_000019_gtFine_labelIds.png
leftImg8bit/train/ulm/ulm_000027_000019_leftImg8bit.png	gtFine/train/ulm/ulm_000027_000019_gtFine_labelIds.png
leftImg8bit/train/ulm/ulm_000028_000019_leftImg8bit.png	gtFine/train/ulm/ulm_000028_000019_gtFine_labelIds.png
leftImg8bit/train/ulm/ulm_000029_000019_leftImg8bit.png	gtFine/train/ulm/ulm_000029_000019_gtFine_labelIds.png
leftImg8bit/train/ulm/ulm_000030_000019_leftImg8bit.png	gtFine/train/ulm/ulm_000030_000019_gtFine_labelIds.png
leftImg8bit/train/ulm/ulm_000031_000019_leftImg8bit.png	gtFine/train/ulm/ulm_000031_000019_gtFine_labelIds.png
leftImg8bit/train/ulm/ulm_000032_000019_leftImg8bit.png	gtFine/train/ulm/ulm_000032_000019_gtFine_labelIds.png
leftImg8bit/train/ulm/ulm_000033_000019_leftImg8bit.png	gtFine/train/ulm/ulm_000033_000019_gtFine_labelIds.png
leftImg8bit/train/weimar/weimar_000009_000019_leftImg8bit.png	gtFine/train/weimar/weimar_000009_000019_gtFine_labelIds.png
leftImg8bit/train/weimar/weimar_000010_000019_leftImg8bit.png	gtFine/train/weimar/weimar_000010_000019_gtFine_labelIds.png
leftImg8bit/train/weimar/weimar_000011_000019_leftImg8bit.png	gtFine/train/weimar/weimar_000011_000019_gtFine_labelIds.png
leftImg8bit/train/weimar/weimar_000012_000019_leftImg8bit.png	gtFine/train/weimar/weimar_000012_000019_gtFine_labelIds.png
leftImg8bit/train/weimar/weimar_000013_000019_leftImg8bit.png	gtFine/train/weimar/weimar_000013_000019_gtFine_labelIds.png
leftImg8bit/train/weimar/weimar_000014_000019_leftImg8bit.png	gtFine/train/weimar/weimar_000014_000019_gtFine_labelIds.png
leftImg8bit/train/weimar/weimar_000015_000019_leftImg8bit.png	gtFine/train/weimar/weimar_000015_000019_gtFine_labelIds.png
leftImg8bit/train/weimar/weimar_000016_000019_leftImg8bit.png	gtFine/train/weimar/weimar_000016_000019_gtFine_labelIds.png
leftImg8bit/train/weimar/weimar_000017_000019_leftImg8bit.png	gtFine/train/weimar/weimar_000017_000019_gtFine_labelIds.png
leftImg8bit/train/weimar/weimar_000018_000019_leftImg8bit.png	gtFine/train/weimar/weimar_000018_000019_gtFine_labelIds.png
leftImg8bit/train/weimar/weimar_000019_000019_leftImg8bit.png	gtFine/train/weimar/weimar_000019_000019_gtFine_labelIds.png
leftImg8bit/train/weimar/weimar_000020_000019_leftImg8bit.png	gtFine/train/weimar/weimar_000020_000019_gtFine_labelIds.png
leftImg8bit/train/weimar/weimar_000021_000019_leftImg8bit.png	gtFine/train/weimar/weimar_000021_000019_gtFine_labelIds.png
leftImg8bit/train/weimar/weimar_000022_000019_leftImg8bit.png	gtFine/train/weimar/weimar_000022_000019_gtFine_labelIds.png
leftImg8bit/train/weimar/weimar_000023_000019_leftImg8bit.png	gtFine/train/weimar/weimar_000023_000019_gtFine_labelIds.png
leftImg8bit/train/weimar/weimar_000024_000019_leftImg8bit.png	gtFine/train/weimar/weimar_000024_000019_gtFine_labelIds.png
leftImg8bit/train/weimar/weimar_000025_000019_leftImg8bit.png	gtFine/train/weimar/weimar_000025_000019_gtFine_labelIds.png
leftImg8bit/train/weimar/weimar_000026_000019_leftImg8bit.png	gtFine/train/weimar/weimar_000026_000019_gtFine_labelIds.png
leftImg8bit/train/weimar/weimar_000027_000019_leftImg8bit.png	gtFine/train/weimar/weimar_000027_000019_gtFine_labelIds.png
leftImg8bit/train/weimar/weimar_000028_000019_leftImg8bit.png	gtFine/train/weimar/weimar_000028_000019_gtFine_labelIds.png
leftImg8bit/train/weimar/weimar_000029_000019_leftImg8bit.png	gtFine/train/weimar/weimar_000029_000019_gtFine_labelIds.png
leftImg8bit/train/weimar/weimar_000030_000019_leftImg8bit.png	gtFine/train/weimar/weimar_000030_000019_gtFine_labelIds.png
leftImg8bit/train/weimar/weimar_000031_000019_leftImg8bit.png	gtFine/train/weimar/weimar_000031_000019_gtFine_labelIds.png
leftImg8bit/train/weimar/weimar_000032_000019_leftImg8bit.png	gtFine/train/weimar/weimar_000032_000019_gtFine_labelIds.png
leftImg8bit/train/weimar/weimar_000033_000019_leftImg8bit.png	gtFine/train/weimar/weimar_000033_000019_gtFine_labelIds.png
leftImg8bit/train/weimar/weimar_000034_000019_leftImg8bit.png	gtFine/train/weimar/weimar_000034_000019_gtFine_labelIds.png
leftImg8bit/train/weimar/weimar_000035_000019_leftImg8bit.png	gtFine/train/weimar/weimar_000035_000019_gtFine_labelIds.png
leftImg8bit/train/weimar/weimar_000036_000019_leftImg8bit.png	gtFine/train/weimar/weimar_000036_000019_gtFine_labelIds.png
leftImg8bit/train/weimar/weimar_000037_000019_leftImg8bit.png	gtFine/train/weimar/weimar_000037_000019_gtFine_labelIds.png
leftImg8bit/train/weimar/weimar_000038_000019_leftImg8bit.png	gtFine/train/weimar/weimar_000038_000019_gtFine_labelIds.png
leftImg8bit/train/zurich/zurich_000007_000019_leftImg8bit.png	gtFine/train/zurich/zurich_000007_000019_gtFine_labelIds.png
leftImg8bit/train/zurich/zurich_000008_000019_leftImg8bit.png	gtFine/train/zurich/zurich_000008_000019_gtFine_labelIds.png
leftImg8bit/train/zurich/zurich_000009_000019_leftImg8bit.png	gtFine/train/zurich/zurich_000009_000019_gtFine_labelIds.png
leftImg8bit/train/zurich/zurich_000010_000019_leftImg8bit.png	gtFine/train/zurich/zurich_000010_000019_gtFine_labelIds.png
leftImg8bit/train/zurich/zurich_000011_000019_leftImg8bit.png	gtFine/train/zurich/zurich_000011_000019_gtFine_labelIds.png
leftImg8bit/train/zurich/zurich_000012_000019_leftImg8bit.png	gtFine/train/zurich/zurich_000012_000019_gtFine_labelIds.png
leftImg8bit/train/zurich/zurich_000013_000019_leftImg8bit.png	gtFine/train/zurich/zurich_000013_000019_gtFine_labelIds.png
leftImg8bit/train/zurich/zurich_000014_000019_leftImg8bit.png	gtFine/train/zurich/zurich_000014_000019_gtFine_labelIds.png
leftImg8bit/train/zurich/zurich_000015_000019_leftImg8bit.png	gtFine/train/zurich/zurich_000015_000019_gtFine_labelIds.png
leftImg8bit/train/zurich/zurich_000016_000019_leftImg8bit.png	gtFine/train/zurich/zurich_000016_000019_gtFine_labelIds.png
leftImg8bit/train/zurich/zurich_000017_000019_leftImg8bit.png	gtFine/train/zurich/zurich_000017_000019_gtFine_labelIds.png
leftImg8bit/train/zurich/zurich_000018_000019_leftImg8bit.png	gtFine/train/zurich/zurich_000018_000019_gtFine_labelIds.png
leftImg8bit/train/zurich/zurich_000019_000019_leftImg8bit.png	gtFine/train/zurich/zurich_000019_000019_gtFine_labelIds.png
leftImg8bit/train/zurich/zurich_000020_000019_leftImg8bit.png	gtFine/train/zurich/zurich_000020_000019_gtFine_labelIds.png
leftImg8bit/train/zurich/zurich_000021_000019_leftImg8bit.png	gtFine/train/zurich/zurich_000021_000019_gtFine_labelIds.png
leftImg8bit/train/zurich/zurich_000022_000019_leftImg8bit.png	gtFine/train/zurich/zurich_000022_000019_gtFine_labelIds.png
leftImg8bit/train/zurich/zurich_000023_000019_leftImg8bit.png	gtFine/train/zurich/zurich_000023_000019_gtFine_labelIds.png
leftImg8bit/train/zurich/zurich_000024_000019_leftImg8bit.png	gtFine/train/zurich/zurich_000024_000019_gtFine_labelIds.png
leftImg8bit/train/zurich/zurich_000025_000019_leftImg8bit.png	gtFine/train/zurich/zurich_000025_000019_gtFine_labelIds.png
leftImg8bit/train/zurich/zurich_000026_000019_leftImg8bit.png	gtFine/train/zurich/zurich_000026_000019_gtFine_labelIds.png
leftImg8bit/train/zurich/zurich_000027_000019_leftImg8bit.png	gtFine/train/zurich/zurich_000027_000019_gtFine_labelIds.png
leftImg8bit/train/zurich/zurich_000028_000019_leftImg8bit.png	gtFine/train/zurich/zurich_000028_000019_gtFine_labelIds.png
leftImg8bit/train/zurich/zurich_000029_000019_leftImg8bit.png	gtFine/train/zurich/zurich_000029_000019_gtFine_labelIds.png
leftImg8bit/train/zurich/zurich_000030_000019_leftImg8bit.png	gtFine/train/zurich/zurich_000030_000019_gtFine_labelIds.png
leftImg8bit/train/zurich/zurich_000031_000019_leftImg8bit.png	gtFine/train/zurich/zurich_000031_000019_gtFine_labelIds.png
leftImg8bit/train/zurich/zurich_000032_000019_leftImg8bit.png	gtFine/train/zurich/zurich_000032_000019_gtFine_labelIds.png
leftImg8bit/train/zurich/zurich_000033_000019_leftImg8bit.png	gtFine/train/zurich/zurich_000033_000019_gtFine_labelIds.png
leftImg8bit/train/zurich/zurich_000034_000019_leftImg8bit.png	gtFine/train/zurich/zurich_000034_000019_gtFine_labelIds.png
leftImg8bit/train/zurich/zurich_000035_000019_leftImg8bit.png	gtFine/train/zurich/zurich_000035_000019_gtFine_labelIds.png
leftImg8bit/train/zurich/zurich_000036_000019_leftImg8bit.png	gtFine/train/zurich/zurich_000036_000019_gtFine_labelIds.png
